// Jest Snapshot v1, https://goo.gl/fbAQLP

exports[`SubHeader component should render a SubHeader with a title 1`] = `
<WithStyles(ListSubheader)
  style={
    Object {
      "backgroundColor": "#FAFAFA",
      "padding": "0 18px",
    }
  }
>
  The show must go on
</WithStyles(ListSubheader)>
`;
